FACTORS: [a, b, c, d, e, f, g, h, i, j]
MAP:
- !!python/tuple
  - !!python/tuple ['-1', '2', '-1', '-1', '-1', '-1', '1', '1', '1', '5']
  - experiment_0.run.sh
  - 0
- !!python/tuple
  - !!python/tuple ['-1', '2', '-1', '-1', '-1', '-1', '1', '1', '1', '1']
  - experiment_1.run.sh
  - 1
- !!python/tuple
  - !!python/tuple ['-1', '2', '-1', '-1', '-1', '-1', '1', '1', '1', '3']
  - experiment_2.run.sh
  - 2
- !!python/tuple
  - !!python/tuple ['-1', '2', '-1', '-1', '-1', '-1', '1', '1', '1', '2']
  - experiment_3.run.sh
  - 3
- !!python/tuple
  - !!python/tuple ['-1', '2', '-1', '-1', '-1', '-1', '1', '1', '1', '4']
  - experiment_4.run.sh
  - 4
- !!python/tuple
  - !!python/tuple ['-1', '2', '-1', '-1', '-1', '1', '1', '1', '1', '5']
  - experiment_5.run.sh
  - 5
- !!python/tuple
  - !!python/tuple ['-1', '2', '-1', '-1', '-1', '1', '1', '1', '1', '1']
  - experiment_6.run.sh
  - 6
- !!python/tuple
  - !!python/tuple ['-1', '2', '-1', '-1', '-1', '1', '1', '1', '1', '3']
  - experiment_7.run.sh
  - 7
- !!python/tuple
  - !!python/tuple ['-1', '2', '-1', '-1', '-1', '1', '1', '1', '1', '2']
  - experiment_8.run.sh
  - 8
- !!python/tuple
  - !!python/tuple ['-1', '2', '-1', '-1', '-1', '1', '1', '1', '1', '4']
  - experiment_9.run.sh
  - 9
- !!python/tuple
  - !!python/tuple ['-1', '2', '1', '-1', '-1', '-1', '1', '1', '1', '5']
  - experiment_10.run.sh
  - 10
- !!python/tuple
  - !!python/tuple ['-1', '2', '1', '-1', '-1', '-1', '1', '1', '1', '1']
  - experiment_11.run.sh
  - 11
- !!python/tuple
  - !!python/tuple ['-1', '2', '1', '-1', '-1', '-1', '1', '1', '1', '3']
  - experiment_12.run.sh
  - 12
- !!python/tuple
  - !!python/tuple ['-1', '2', '1', '-1', '-1', '-1', '1', '1', '1', '2']
  - experiment_13.run.sh
  - 13
- !!python/tuple
  - !!python/tuple ['-1', '2', '1', '-1', '-1', '-1', '1', '1', '1', '4']
  - experiment_14.run.sh
  - 14
- !!python/tuple
  - !!python/tuple ['-1', '2', '1', '-1', '-1', '1', '1', '1', '1', '5']
  - experiment_15.run.sh
  - 15
- !!python/tuple
  - !!python/tuple ['-1', '2', '1', '-1', '-1', '1', '1', '1', '1', '1']
  - experiment_16.run.sh
  - 16
- !!python/tuple
  - !!python/tuple ['-1', '2', '1', '-1', '-1', '1', '1', '1', '1', '3']
  - experiment_17.run.sh
  - 17
- !!python/tuple
  - !!python/tuple ['-1', '2', '1', '-1', '-1', '1', '1', '1', '1', '2']
  - experiment_18.run.sh
  - 18
- !!python/tuple
  - !!python/tuple ['-1', '2', '1', '-1', '-1', '1', '1', '1', '1', '4']
  - experiment_19.run.sh
  - 19
